Error parsing file.
ResolveSymbolError(4,6)[Could not find a.]

